// Jest Snapshot v1, https://goo.gl/fbAQLP

exports[`should render FoodList with foods 1`] = `
ShallowWrapper {
  "length": 1,
  Symbol(enzyme.__root__): [Circular],
  Symbol(enzyme.__unrendered__): <FoodListDisplayFoods
    foods={
        Array [
            Object {
              "amount": 200,
              "calories": 205,
              "carbohydrates": 44,
              "createdAt": 0,
              "fat": 0.4,
              "id": "1",
              "name": "Rice (Jasmine)",
              "protein": 4.2,
              "timesUsed": 0,
              "unit": "grams",
            },
            Object {
              "amount": 100,
              "calories": 165,
              "carbohydrates": 0,
              "createdAt": 1000,
              "fat": 3.6,
              "id": "2",
              "name": "Chicken Breast",
              "protein": 31,
              "timesUsed": 1,
              "unit": "grams",
            },
            Object {
              "amount": 24,
              "calories": 163,
              "carbohydrates": 2.5,
              "createdAt": -1000,
              "fat": 14,
              "id": "3",
              "name": "Almonds",
              "protein": 6,
              "timesUsed": 2,
              "unit": "pieces",
            },
          ]
    }
/>,
  Symbol(enzyme.__renderer__): Object {
    "batchedUpdates": [Function],
    "getNode": [Function],
    "render": [Function],
    "simulateEvent": [Function],
    "unmount": [Function],
  },
  Symbol(enzyme.__node__): Object {
    "instance": null,
    "key": undefined,
    "nodeType": "host",
    "props": Object {
      "children": Array [
        <h3
          className="heading-secondary listDisplay__header"
>
          Foods in Database
</h3>,
        <div
          className="listDisplay__list"
>
          <div
                    className="listDisplay__list-header"
          >
                    <p
                              className="listDisplay__list-title"
                    >
                              name
                    </p>
                    <p
                              className="listDisplay__list-title"
                    >
                              amount
                    </p>
                    <p
                              className="listDisplay__list-title"
                    >
                              carbs
                    </p>
                    <p
                              className="listDisplay__list-title"
                    >
                              protein
                    </p>
                    <p
                              className="listDisplay__list-title"
                    >
                              fat
                    </p>
                    <p
                              className="listDisplay__list-title"
                    >
                              calories
                    </p>
          </div>
          <div
                    className="listDisplay__list-table"
          >
                    <FoodListItem
                              amount={200}
                              calories={205}
                              carbohydrates={44}
                              createdAt={0}
                              fat={0.4}
                              id="1"
                              name="Rice (Jasmine)"
                              protein={4.2}
                              timesUsed={0}
                              unit="grams"
                    />
                    <button
                              className="btn listDisplay__list-btn flex-right-end"
                              onClick={[Function]}
                    >
                              Edit
                    </button>
          </div>
          <div
                    className="listDisplay__list-table listDisplay__list-table--even"
          >
                    <FoodListItem
                              amount={100}
                              calories={165}
                              carbohydrates={0}
                              createdAt={1000}
                              fat={3.6}
                              id="2"
                              name="Chicken Breast"
                              protein={31}
                              timesUsed={1}
                              unit="grams"
                    />
                    <button
                              className="btn listDisplay__list-btn flex-right-end"
                              onClick={[Function]}
                    >
                              Edit
                    </button>
          </div>
          <div
                    className="listDisplay__list-table"
          >
                    <FoodListItem
                              amount={24}
                              calories={163}
                              carbohydrates={2.5}
                              createdAt={-1000}
                              fat={14}
                              id="3"
                              name="Almonds"
                              protein={6}
                              timesUsed={2}
                              unit="pieces"
                    />
                    <button
                              className="btn listDisplay__list-btn flex-right-end"
                              onClick={[Function]}
                    >
                              Edit
                    </button>
          </div>
</div>,
      ],
      "className": "listDisplay",
    },
    "ref": null,
    "rendered": Array [
      Object {
        "instance": null,
        "key": undefined,
        "nodeType": "host",
        "props": Object {
          "children": "Foods in Database",
          "className": "heading-secondary listDisplay__header",
        },
        "ref": null,
        "rendered": "Foods in Database",
        "type": "h3",
      },
      Object {
        "instance": null,
        "key": undefined,
        "nodeType": "host",
        "props": Object {
          "children": Array [
            <div
              className="listDisplay__list-header"
>
              <p
                            className="listDisplay__list-title"
              >
                            name
              </p>
              <p
                            className="listDisplay__list-title"
              >
                            amount
              </p>
              <p
                            className="listDisplay__list-title"
              >
                            carbs
              </p>
              <p
                            className="listDisplay__list-title"
              >
                            protein
              </p>
              <p
                            className="listDisplay__list-title"
              >
                            fat
              </p>
              <p
                            className="listDisplay__list-title"
              >
                            calories
              </p>
</div>,
            Array [
              <div
                className="listDisplay__list-table"
>
                <FoodListItem
                                amount={200}
                                calories={205}
                                carbohydrates={44}
                                createdAt={0}
                                fat={0.4}
                                id="1"
                                name="Rice (Jasmine)"
                                protein={4.2}
                                timesUsed={0}
                                unit="grams"
                />
                <button
                                className="btn listDisplay__list-btn flex-right-end"
                                onClick={[Function]}
                >
                                Edit
                </button>
</div>,
              <div
                className="listDisplay__list-table listDisplay__list-table--even"
>
                <FoodListItem
                                amount={100}
                                calories={165}
                                carbohydrates={0}
                                createdAt={1000}
                                fat={3.6}
                                id="2"
                                name="Chicken Breast"
                                protein={31}
                                timesUsed={1}
                                unit="grams"
                />
                <button
                                className="btn listDisplay__list-btn flex-right-end"
                                onClick={[Function]}
                >
                                Edit
                </button>
</div>,
              <div
                className="listDisplay__list-table"
>
                <FoodListItem
                                amount={24}
                                calories={163}
                                carbohydrates={2.5}
                                createdAt={-1000}
                                fat={14}
                                id="3"
                                name="Almonds"
                                protein={6}
                                timesUsed={2}
                                unit="pieces"
                />
                <button
                                className="btn listDisplay__list-btn flex-right-end"
                                onClick={[Function]}
                >
                                Edit
                </button>
</div>,
            ],
          ],
          "className": "listDisplay__list",
        },
        "ref": null,
        "rendered": Array [
          Object {
            "instance": null,
            "key": undefined,
            "nodeType": "host",
            "props": Object {
              "children": Array [
                <p
                  className="listDisplay__list-title"
>
                  name
</p>,
                <p
                  className="listDisplay__list-title"
>
                  amount
</p>,
                <p
                  className="listDisplay__list-title"
>
                  carbs
</p>,
                <p
                  className="listDisplay__list-title"
>
                  protein
</p>,
                <p
                  className="listDisplay__list-title"
>
                  fat
</p>,
                <p
                  className="listDisplay__list-title"
>
                  calories
</p>,
              ],
              "className": "listDisplay__list-header",
            },
            "ref": null,
            "rendered": Array [
              Object {
                "instance": null,
                "key": undefined,
                "nodeType": "host",
                "props": Object {
                  "children": "name",
                  "className": "listDisplay__list-title",
                },
                "ref": null,
                "rendered": "name",
                "type": "p",
              },
              Object {
                "instance": null,
                "key": undefined,
                "nodeType": "host",
                "props": Object {
                  "children": "amount",
                  "className": "listDisplay__list-title",
                },
                "ref": null,
                "rendered": "amount",
                "type": "p",
              },
              Object {
                "instance": null,
                "key": undefined,
                "nodeType": "host",
                "props": Object {
                  "children": "carbs",
                  "className": "listDisplay__list-title",
                },
                "ref": null,
                "rendered": "carbs",
                "type": "p",
              },
              Object {
                "instance": null,
                "key": undefined,
                "nodeType": "host",
                "props": Object {
                  "children": "protein",
                  "className": "listDisplay__list-title",
                },
                "ref": null,
                "rendered": "protein",
                "type": "p",
              },
              Object {
                "instance": null,
                "key": undefined,
                "nodeType": "host",
                "props": Object {
                  "children": "fat",
                  "className": "listDisplay__list-title",
                },
                "ref": null,
                "rendered": "fat",
                "type": "p",
              },
              Object {
                "instance": null,
                "key": undefined,
                "nodeType": "host",
                "props": Object {
                  "children": "calories",
                  "className": "listDisplay__list-title",
                },
                "ref": null,
                "rendered": "calories",
                "type": "p",
              },
            ],
            "type": "div",
          },
          Object {
            "instance": null,
            "key": "div 1",
            "nodeType": "host",
            "props": Object {
              "children": Array [
                <FoodListItem
                  amount={200}
                  calories={205}
                  carbohydrates={44}
                  createdAt={0}
                  fat={0.4}
                  id="1"
                  name="Rice (Jasmine)"
                  protein={4.2}
                  timesUsed={0}
                  unit="grams"
/>,
                <button
                  className="btn listDisplay__list-btn flex-right-end"
                  onClick={[Function]}
>
                  Edit
</button>,
              ],
              "className": "listDisplay__list-table",
            },
            "ref": null,
            "rendered": Array [
              Object {
                "instance": null,
                "key": "item 1",
                "nodeType": "function",
                "props": Object {
                  "amount": 200,
                  "calories": 205,
                  "carbohydrates": 44,
                  "createdAt": 0,
                  "fat": 0.4,
                  "id": "1",
                  "name": "Rice (Jasmine)",
                  "protein": 4.2,
                  "timesUsed": 0,
                  "unit": "grams",
                },
                "ref": null,
                "rendered": null,
                "type": [Function],
              },
              Object {
                "instance": null,
                "key": "button 1",
                "nodeType": "host",
                "props": Object {
                  "children": "Edit",
                  "className": "btn listDisplay__list-btn flex-right-end",
                  "onClick": [Function],
                },
                "ref": null,
                "rendered": "Edit",
                "type": "button",
              },
            ],
            "type": "div",
          },
          Object {
            "instance": null,
            "key": "div 2",
            "nodeType": "host",
            "props": Object {
              "children": Array [
                <FoodListItem
                  amount={100}
                  calories={165}
                  carbohydrates={0}
                  createdAt={1000}
                  fat={3.6}
                  id="2"
                  name="Chicken Breast"
                  protein={31}
                  timesUsed={1}
                  unit="grams"
/>,
                <button
                  className="btn listDisplay__list-btn flex-right-end"
                  onClick={[Function]}
>
                  Edit
</button>,
              ],
              "className": "listDisplay__list-table listDisplay__list-table--even",
            },
            "ref": null,
            "rendered": Array [
              Object {
                "instance": null,
                "key": "item 2",
                "nodeType": "function",
                "props": Object {
                  "amount": 100,
                  "calories": 165,
                  "carbohydrates": 0,
                  "createdAt": 1000,
                  "fat": 3.6,
                  "id": "2",
                  "name": "Chicken Breast",
                  "protein": 31,
                  "timesUsed": 1,
                  "unit": "grams",
                },
                "ref": null,
                "rendered": null,
                "type": [Function],
              },
              Object {
                "instance": null,
                "key": "button 2",
                "nodeType": "host",
                "props": Object {
                  "children": "Edit",
                  "className": "btn listDisplay__list-btn flex-right-end",
                  "onClick": [Function],
                },
                "ref": null,
                "rendered": "Edit",
                "type": "button",
              },
            ],
            "type": "div",
          },
          Object {
            "instance": null,
            "key": "div 3",
            "nodeType": "host",
            "props": Object {
              "children": Array [
                <FoodListItem
                  amount={24}
                  calories={163}
                  carbohydrates={2.5}
                  createdAt={-1000}
                  fat={14}
                  id="3"
                  name="Almonds"
                  protein={6}
                  timesUsed={2}
                  unit="pieces"
/>,
                <button
                  className="btn listDisplay__list-btn flex-right-end"
                  onClick={[Function]}
>
                  Edit
</button>,
              ],
              "className": "listDisplay__list-table",
            },
            "ref": null,
            "rendered": Array [
              Object {
                "instance": null,
                "key": "item 3",
                "nodeType": "function",
                "props": Object {
                  "amount": 24,
                  "calories": 163,
                  "carbohydrates": 2.5,
                  "createdAt": -1000,
                  "fat": 14,
                  "id": "3",
                  "name": "Almonds",
                  "protein": 6,
                  "timesUsed": 2,
                  "unit": "pieces",
                },
                "ref": null,
                "rendered": null,
                "type": [Function],
              },
              Object {
                "instance": null,
                "key": "button 3",
                "nodeType": "host",
                "props": Object {
                  "children": "Edit",
                  "className": "btn listDisplay__list-btn flex-right-end",
                  "onClick": [Function],
                },
                "ref": null,
                "rendered": "Edit",
                "type": "button",
              },
            ],
            "type": "div",
          },
        ],
        "type": "div",
      },
    ],
    "type": "div",
  },
  Symbol(enzyme.__nodes__): Array [
    Object {
      "instance": null,
      "key": undefined,
      "nodeType": "host",
      "props": Object {
        "children": Array [
          <h3
            className="heading-secondary listDisplay__header"
>
            Foods in Database
</h3>,
          <div
            className="listDisplay__list"
>
            <div
                        className="listDisplay__list-header"
            >
                        <p
                                    className="listDisplay__list-title"
                        >
                                    name
                        </p>
                        <p
                                    className="listDisplay__list-title"
                        >
                                    amount
                        </p>
                        <p
                                    className="listDisplay__list-title"
                        >
                                    carbs
                        </p>
                        <p
                                    className="listDisplay__list-title"
                        >
                                    protein
                        </p>
                        <p
                                    className="listDisplay__list-title"
                        >
                                    fat
                        </p>
                        <p
                                    className="listDisplay__list-title"
                        >
                                    calories
                        </p>
            </div>
            <div
                        className="listDisplay__list-table"
            >
                        <FoodListItem
                                    amount={200}
                                    calories={205}
                                    carbohydrates={44}
                                    createdAt={0}
                                    fat={0.4}
                                    id="1"
                                    name="Rice (Jasmine)"
                                    protein={4.2}
                                    timesUsed={0}
                                    unit="grams"
                        />
                        <button
                                    className="btn listDisplay__list-btn flex-right-end"
                                    onClick={[Function]}
                        >
                                    Edit
                        </button>
            </div>
            <div
                        className="listDisplay__list-table listDisplay__list-table--even"
            >
                        <FoodListItem
                                    amount={100}
                                    calories={165}
                                    carbohydrates={0}
                                    createdAt={1000}
                                    fat={3.6}
                                    id="2"
                                    name="Chicken Breast"
                                    protein={31}
                                    timesUsed={1}
                                    unit="grams"
                        />
                        <button
                                    className="btn listDisplay__list-btn flex-right-end"
                                    onClick={[Function]}
                        >
                                    Edit
                        </button>
            </div>
            <div
                        className="listDisplay__list-table"
            >
                        <FoodListItem
                                    amount={24}
                                    calories={163}
                                    carbohydrates={2.5}
                                    createdAt={-1000}
                                    fat={14}
                                    id="3"
                                    name="Almonds"
                                    protein={6}
                                    timesUsed={2}
                                    unit="pieces"
                        />
                        <button
                                    className="btn listDisplay__list-btn flex-right-end"
                                    onClick={[Function]}
                        >
                                    Edit
                        </button>
            </div>
</div>,
        ],
        "className": "listDisplay",
      },
      "ref": null,
      "rendered": Array [
        Object {
          "instance": null,
          "key": undefined,
          "nodeType": "host",
          "props": Object {
            "children": "Foods in Database",
            "className": "heading-secondary listDisplay__header",
          },
          "ref": null,
          "rendered": "Foods in Database",
          "type": "h3",
        },
        Object {
          "instance": null,
          "key": undefined,
          "nodeType": "host",
          "props": Object {
            "children": Array [
              <div
                className="listDisplay__list-header"
>
                <p
                                className="listDisplay__list-title"
                >
                                name
                </p>
                <p
                                className="listDisplay__list-title"
                >
                                amount
                </p>
                <p
                                className="listDisplay__list-title"
                >
                                carbs
                </p>
                <p
                                className="listDisplay__list-title"
                >
                                protein
                </p>
                <p
                                className="listDisplay__list-title"
                >
                                fat
                </p>
                <p
                                className="listDisplay__list-title"
                >
                                calories
                </p>
</div>,
              Array [
                <div
                  className="listDisplay__list-table"
>
                  <FoodListItem
                                    amount={200}
                                    calories={205}
                                    carbohydrates={44}
                                    createdAt={0}
                                    fat={0.4}
                                    id="1"
                                    name="Rice (Jasmine)"
                                    protein={4.2}
                                    timesUsed={0}
                                    unit="grams"
                  />
                  <button
                                    className="btn listDisplay__list-btn flex-right-end"
                                    onClick={[Function]}
                  >
                                    Edit
                  </button>
</div>,
                <div
                  className="listDisplay__list-table listDisplay__list-table--even"
>
                  <FoodListItem
                                    amount={100}
                                    calories={165}
                                    carbohydrates={0}
                                    createdAt={1000}
                                    fat={3.6}
                                    id="2"
                                    name="Chicken Breast"
                                    protein={31}
                                    timesUsed={1}
                                    unit="grams"
                  />
                  <button
                                    className="btn listDisplay__list-btn flex-right-end"
                                    onClick={[Function]}
                  >
                                    Edit
                  </button>
</div>,
                <div
                  className="listDisplay__list-table"
>
                  <FoodListItem
                                    amount={24}
                                    calories={163}
                                    carbohydrates={2.5}
                                    createdAt={-1000}
                                    fat={14}
                                    id="3"
                                    name="Almonds"
                                    protein={6}
                                    timesUsed={2}
                                    unit="pieces"
                  />
                  <button
                                    className="btn listDisplay__list-btn flex-right-end"
                                    onClick={[Function]}
                  >
                                    Edit
                  </button>
</div>,
              ],
            ],
            "className": "listDisplay__list",
          },
          "ref": null,
          "rendered": Array [
            Object {
              "instance": null,
              "key": undefined,
              "nodeType": "host",
              "props": Object {
                "children": Array [
                  <p
                    className="listDisplay__list-title"
>
                    name
</p>,
                  <p
                    className="listDisplay__list-title"
>
                    amount
</p>,
                  <p
                    className="listDisplay__list-title"
>
                    carbs
</p>,
                  <p
                    className="listDisplay__list-title"
>
                    protein
</p>,
                  <p
                    className="listDisplay__list-title"
>
                    fat
</p>,
                  <p
                    className="listDisplay__list-title"
>
                    calories
</p>,
                ],
                "className": "listDisplay__list-header",
              },
              "ref": null,
              "rendered": Array [
                Object {
                  "instance": null,
                  "key": undefined,
                  "nodeType": "host",
                  "props": Object {
                    "children": "name",
                    "className": "listDisplay__list-title",
                  },
                  "ref": null,
                  "rendered": "name",
                  "type": "p",
                },
                Object {
                  "instance": null,
                  "key": undefined,
                  "nodeType": "host",
                  "props": Object {
                    "children": "amount",
                    "className": "listDisplay__list-title",
                  },
                  "ref": null,
                  "rendered": "amount",
                  "type": "p",
                },
                Object {
                  "instance": null,
                  "key": undefined,
                  "nodeType": "host",
                  "props": Object {
                    "children": "carbs",
                    "className": "listDisplay__list-title",
                  },
                  "ref": null,
                  "rendered": "carbs",
                  "type": "p",
                },
                Object {
                  "instance": null,
                  "key": undefined,
                  "nodeType": "host",
                  "props": Object {
                    "children": "protein",
                    "className": "listDisplay__list-title",
                  },
                  "ref": null,
                  "rendered": "protein",
                  "type": "p",
                },
                Object {
                  "instance": null,
                  "key": undefined,
                  "nodeType": "host",
                  "props": Object {
                    "children": "fat",
                    "className": "listDisplay__list-title",
                  },
                  "ref": null,
                  "rendered": "fat",
                  "type": "p",
                },
                Object {
                  "instance": null,
                  "key": undefined,
                  "nodeType": "host",
                  "props": Object {
                    "children": "calories",
                    "className": "listDisplay__list-title",
                  },
                  "ref": null,
                  "rendered": "calories",
                  "type": "p",
                },
              ],
              "type": "div",
            },
            Object {
              "instance": null,
              "key": "div 1",
              "nodeType": "host",
              "props": Object {
                "children": Array [
                  <FoodListItem
                    amount={200}
                    calories={205}
                    carbohydrates={44}
                    createdAt={0}
                    fat={0.4}
                    id="1"
                    name="Rice (Jasmine)"
                    protein={4.2}
                    timesUsed={0}
                    unit="grams"
/>,
                  <button
                    className="btn listDisplay__list-btn flex-right-end"
                    onClick={[Function]}
>
                    Edit
</button>,
                ],
                "className": "listDisplay__list-table",
              },
              "ref": null,
              "rendered": Array [
                Object {
                  "instance": null,
                  "key": "item 1",
                  "nodeType": "function",
                  "props": Object {
                    "amount": 200,
                    "calories": 205,
                    "carbohydrates": 44,
                    "createdAt": 0,
                    "fat": 0.4,
                    "id": "1",
                    "name": "Rice (Jasmine)",
                    "protein": 4.2,
                    "timesUsed": 0,
                    "unit": "grams",
                  },
                  "ref": null,
                  "rendered": null,
                  "type": [Function],
                },
                Object {
                  "instance": null,
                  "key": "button 1",
                  "nodeType": "host",
                  "props": Object {
                    "children": "Edit",
                    "className": "btn listDisplay__list-btn flex-right-end",
                    "onClick": [Function],
                  },
                  "ref": null,
                  "rendered": "Edit",
                  "type": "button",
                },
              ],
              "type": "div",
            },
            Object {
              "instance": null,
              "key": "div 2",
              "nodeType": "host",
              "props": Object {
                "children": Array [
                  <FoodListItem
                    amount={100}
                    calories={165}
                    carbohydrates={0}
                    createdAt={1000}
                    fat={3.6}
                    id="2"
                    name="Chicken Breast"
                    protein={31}
                    timesUsed={1}
                    unit="grams"
/>,
                  <button
                    className="btn listDisplay__list-btn flex-right-end"
                    onClick={[Function]}
>
                    Edit
</button>,
                ],
                "className": "listDisplay__list-table listDisplay__list-table--even",
              },
              "ref": null,
              "rendered": Array [
                Object {
                  "instance": null,
                  "key": "item 2",
                  "nodeType": "function",
                  "props": Object {
                    "amount": 100,
                    "calories": 165,
                    "carbohydrates": 0,
                    "createdAt": 1000,
                    "fat": 3.6,
                    "id": "2",
                    "name": "Chicken Breast",
                    "protein": 31,
                    "timesUsed": 1,
                    "unit": "grams",
                  },
                  "ref": null,
                  "rendered": null,
                  "type": [Function],
                },
                Object {
                  "instance": null,
                  "key": "button 2",
                  "nodeType": "host",
                  "props": Object {
                    "children": "Edit",
                    "className": "btn listDisplay__list-btn flex-right-end",
                    "onClick": [Function],
                  },
                  "ref": null,
                  "rendered": "Edit",
                  "type": "button",
                },
              ],
              "type": "div",
            },
            Object {
              "instance": null,
              "key": "div 3",
              "nodeType": "host",
              "props": Object {
                "children": Array [
                  <FoodListItem
                    amount={24}
                    calories={163}
                    carbohydrates={2.5}
                    createdAt={-1000}
                    fat={14}
                    id="3"
                    name="Almonds"
                    protein={6}
                    timesUsed={2}
                    unit="pieces"
/>,
                  <button
                    className="btn listDisplay__list-btn flex-right-end"
                    onClick={[Function]}
>
                    Edit
</button>,
                ],
                "className": "listDisplay__list-table",
              },
              "ref": null,
              "rendered": Array [
                Object {
                  "instance": null,
                  "key": "item 3",
                  "nodeType": "function",
                  "props": Object {
                    "amount": 24,
                    "calories": 163,
                    "carbohydrates": 2.5,
                    "createdAt": -1000,
                    "fat": 14,
                    "id": "3",
                    "name": "Almonds",
                    "protein": 6,
                    "timesUsed": 2,
                    "unit": "pieces",
                  },
                  "ref": null,
                  "rendered": null,
                  "type": [Function],
                },
                Object {
                  "instance": null,
                  "key": "button 3",
                  "nodeType": "host",
                  "props": Object {
                    "children": "Edit",
                    "className": "btn listDisplay__list-btn flex-right-end",
                    "onClick": [Function],
                  },
                  "ref": null,
                  "rendered": "Edit",
                  "type": "button",
                },
              ],
              "type": "div",
            },
          ],
          "type": "div",
        },
      ],
      "type": "div",
    },
  ],
  Symbol(enzyme.__options__): Object {
    "adapter": ReactSixteenAdapter {
      "options": Object {
        "enableComponentDidUpdateOnSetState": true,
      },
    },
  },
}
`;

exports[`should render foodList with empty message 1`] = `
ShallowWrapper {
  "length": 1,
  Symbol(enzyme.__root__): [Circular],
  Symbol(enzyme.__unrendered__): <FoodListDisplayFoods
    foods={Array []}
/>,
  Symbol(enzyme.__renderer__): Object {
    "batchedUpdates": [Function],
    "getNode": [Function],
    "render": [Function],
    "simulateEvent": [Function],
    "unmount": [Function],
  },
  Symbol(enzyme.__node__): Object {
    "instance": null,
    "key": undefined,
    "nodeType": "host",
    "props": Object {
      "children": Array [
        <h3
          className="heading-secondary listDisplay__header"
>
          Foods in Database
</h3>,
        <p
          className="heading-secondary listDisplay__header"
>
          No Foods
</p>,
      ],
      "className": "listDisplay",
    },
    "ref": null,
    "rendered": Array [
      Object {
        "instance": null,
        "key": undefined,
        "nodeType": "host",
        "props": Object {
          "children": "Foods in Database",
          "className": "heading-secondary listDisplay__header",
        },
        "ref": null,
        "rendered": "Foods in Database",
        "type": "h3",
      },
      Object {
        "instance": null,
        "key": undefined,
        "nodeType": "host",
        "props": Object {
          "children": "No Foods",
          "className": "heading-secondary listDisplay__header",
        },
        "ref": null,
        "rendered": "No Foods",
        "type": "p",
      },
    ],
    "type": "div",
  },
  Symbol(enzyme.__nodes__): Array [
    Object {
      "instance": null,
      "key": undefined,
      "nodeType": "host",
      "props": Object {
        "children": Array [
          <h3
            className="heading-secondary listDisplay__header"
>
            Foods in Database
</h3>,
          <p
            className="heading-secondary listDisplay__header"
>
            No Foods
</p>,
        ],
        "className": "listDisplay",
      },
      "ref": null,
      "rendered": Array [
        Object {
          "instance": null,
          "key": undefined,
          "nodeType": "host",
          "props": Object {
            "children": "Foods in Database",
            "className": "heading-secondary listDisplay__header",
          },
          "ref": null,
          "rendered": "Foods in Database",
          "type": "h3",
        },
        Object {
          "instance": null,
          "key": undefined,
          "nodeType": "host",
          "props": Object {
            "children": "No Foods",
            "className": "heading-secondary listDisplay__header",
          },
          "ref": null,
          "rendered": "No Foods",
          "type": "p",
        },
      ],
      "type": "div",
    },
  ],
  Symbol(enzyme.__options__): Object {
    "adapter": ReactSixteenAdapter {
      "options": Object {
        "enableComponentDidUpdateOnSetState": true,
      },
    },
  },
}
`;
