// Jest Snapshot v1, https://goo.gl/fbAQLP

exports[`should render FoodList with foods 1`] = `
ShallowWrapper {
  "length": 1,
  Symbol(enzyme.__root__): [Circular],
  Symbol(enzyme.__unrendered__): <FoodListDisplayFoods
    foods={
        Array [
            Object {
              "amount": 200,
              "calories": 205,
              "carbohydrates": 44,
              "createdAt": 0,
              "fat": 0.4,
              "id": "1",
              "name": "Rice (Jasmine)",
              "protein": 4.2,
              "timesUsed": 0,
              "unit": "grams",
            },
            Object {
              "amount": 100,
              "calories": 165,
              "carbohydrates": 0,
              "createdAt": 1000,
              "fat": 3.6,
              "id": "2",
              "name": "Chicken Breast",
              "protein": 31,
              "timesUsed": 1,
              "unit": "grams",
            },
            Object {
              "amount": 24,
              "calories": 163,
              "carbohydrates": 2.5,
              "createdAt": -1000,
              "fat": 14,
              "id": "3",
              "name": "Almonds",
              "protein": 6,
              "timesUsed": 2,
              "unit": "pieces",
            },
          ]
    }
/>,
  Symbol(enzyme.__renderer__): Object {
    "batchedUpdates": [Function],
    "getNode": [Function],
    "render": [Function],
    "simulateEvent": [Function],
    "unmount": [Function],
  },
  Symbol(enzyme.__node__): Object {
    "instance": null,
    "key": undefined,
    "nodeType": "host",
    "props": Object {
      "children": Array [
        <h3>
          Foods in Database
</h3>,
        Array [
          <div>
            <FoodListItem
                        amount={200}
                        calories={205}
                        carbohydrates={44}
                        createdAt={0}
                        fat={0.4}
                        id="1"
                        name="Rice (Jasmine)"
                        protein={4.2}
                        timesUsed={0}
                        unit="grams"
            />
            <button
                        onClick={[Function]}
            >
                        Edit This
            </button>
</div>,
          <div>
            <FoodListItem
                        amount={100}
                        calories={165}
                        carbohydrates={0}
                        createdAt={1000}
                        fat={3.6}
                        id="2"
                        name="Chicken Breast"
                        protein={31}
                        timesUsed={1}
                        unit="grams"
            />
            <button
                        onClick={[Function]}
            >
                        Edit This
            </button>
</div>,
          <div>
            <FoodListItem
                        amount={24}
                        calories={163}
                        carbohydrates={2.5}
                        createdAt={-1000}
                        fat={14}
                        id="3"
                        name="Almonds"
                        protein={6}
                        timesUsed={2}
                        unit="pieces"
            />
            <button
                        onClick={[Function]}
            >
                        Edit This
            </button>
</div>,
        ],
      ],
    },
    "ref": null,
    "rendered": Array [
      Object {
        "instance": null,
        "key": undefined,
        "nodeType": "host",
        "props": Object {
          "children": "Foods in Database",
        },
        "ref": null,
        "rendered": "Foods in Database",
        "type": "h3",
      },
      Object {
        "instance": null,
        "key": "div 1",
        "nodeType": "host",
        "props": Object {
          "children": Array [
            <FoodListItem
              amount={200}
              calories={205}
              carbohydrates={44}
              createdAt={0}
              fat={0.4}
              id="1"
              name="Rice (Jasmine)"
              protein={4.2}
              timesUsed={0}
              unit="grams"
/>,
            <button
              onClick={[Function]}
>
              Edit This
</button>,
          ],
        },
        "ref": null,
        "rendered": Array [
          Object {
            "instance": null,
            "key": "item 1",
            "nodeType": "function",
            "props": Object {
              "amount": 200,
              "calories": 205,
              "carbohydrates": 44,
              "createdAt": 0,
              "fat": 0.4,
              "id": "1",
              "name": "Rice (Jasmine)",
              "protein": 4.2,
              "timesUsed": 0,
              "unit": "grams",
            },
            "ref": null,
            "rendered": null,
            "type": [Function],
          },
          Object {
            "instance": null,
            "key": "button 1",
            "nodeType": "host",
            "props": Object {
              "children": "Edit This",
              "onClick": [Function],
            },
            "ref": null,
            "rendered": "Edit This",
            "type": "button",
          },
        ],
        "type": "div",
      },
      Object {
        "instance": null,
        "key": "div 2",
        "nodeType": "host",
        "props": Object {
          "children": Array [
            <FoodListItem
              amount={100}
              calories={165}
              carbohydrates={0}
              createdAt={1000}
              fat={3.6}
              id="2"
              name="Chicken Breast"
              protein={31}
              timesUsed={1}
              unit="grams"
/>,
            <button
              onClick={[Function]}
>
              Edit This
</button>,
          ],
        },
        "ref": null,
        "rendered": Array [
          Object {
            "instance": null,
            "key": "item 2",
            "nodeType": "function",
            "props": Object {
              "amount": 100,
              "calories": 165,
              "carbohydrates": 0,
              "createdAt": 1000,
              "fat": 3.6,
              "id": "2",
              "name": "Chicken Breast",
              "protein": 31,
              "timesUsed": 1,
              "unit": "grams",
            },
            "ref": null,
            "rendered": null,
            "type": [Function],
          },
          Object {
            "instance": null,
            "key": "button 2",
            "nodeType": "host",
            "props": Object {
              "children": "Edit This",
              "onClick": [Function],
            },
            "ref": null,
            "rendered": "Edit This",
            "type": "button",
          },
        ],
        "type": "div",
      },
      Object {
        "instance": null,
        "key": "div 3",
        "nodeType": "host",
        "props": Object {
          "children": Array [
            <FoodListItem
              amount={24}
              calories={163}
              carbohydrates={2.5}
              createdAt={-1000}
              fat={14}
              id="3"
              name="Almonds"
              protein={6}
              timesUsed={2}
              unit="pieces"
/>,
            <button
              onClick={[Function]}
>
              Edit This
</button>,
          ],
        },
        "ref": null,
        "rendered": Array [
          Object {
            "instance": null,
            "key": "item 3",
            "nodeType": "function",
            "props": Object {
              "amount": 24,
              "calories": 163,
              "carbohydrates": 2.5,
              "createdAt": -1000,
              "fat": 14,
              "id": "3",
              "name": "Almonds",
              "protein": 6,
              "timesUsed": 2,
              "unit": "pieces",
            },
            "ref": null,
            "rendered": null,
            "type": [Function],
          },
          Object {
            "instance": null,
            "key": "button 3",
            "nodeType": "host",
            "props": Object {
              "children": "Edit This",
              "onClick": [Function],
            },
            "ref": null,
            "rendered": "Edit This",
            "type": "button",
          },
        ],
        "type": "div",
      },
    ],
    "type": "div",
  },
  Symbol(enzyme.__nodes__): Array [
    Object {
      "instance": null,
      "key": undefined,
      "nodeType": "host",
      "props": Object {
        "children": Array [
          <h3>
            Foods in Database
</h3>,
          Array [
            <div>
              <FoodListItem
                            amount={200}
                            calories={205}
                            carbohydrates={44}
                            createdAt={0}
                            fat={0.4}
                            id="1"
                            name="Rice (Jasmine)"
                            protein={4.2}
                            timesUsed={0}
                            unit="grams"
              />
              <button
                            onClick={[Function]}
              >
                            Edit This
              </button>
</div>,
            <div>
              <FoodListItem
                            amount={100}
                            calories={165}
                            carbohydrates={0}
                            createdAt={1000}
                            fat={3.6}
                            id="2"
                            name="Chicken Breast"
                            protein={31}
                            timesUsed={1}
                            unit="grams"
              />
              <button
                            onClick={[Function]}
              >
                            Edit This
              </button>
</div>,
            <div>
              <FoodListItem
                            amount={24}
                            calories={163}
                            carbohydrates={2.5}
                            createdAt={-1000}
                            fat={14}
                            id="3"
                            name="Almonds"
                            protein={6}
                            timesUsed={2}
                            unit="pieces"
              />
              <button
                            onClick={[Function]}
              >
                            Edit This
              </button>
</div>,
          ],
        ],
      },
      "ref": null,
      "rendered": Array [
        Object {
          "instance": null,
          "key": undefined,
          "nodeType": "host",
          "props": Object {
            "children": "Foods in Database",
          },
          "ref": null,
          "rendered": "Foods in Database",
          "type": "h3",
        },
        Object {
          "instance": null,
          "key": "div 1",
          "nodeType": "host",
          "props": Object {
            "children": Array [
              <FoodListItem
                amount={200}
                calories={205}
                carbohydrates={44}
                createdAt={0}
                fat={0.4}
                id="1"
                name="Rice (Jasmine)"
                protein={4.2}
                timesUsed={0}
                unit="grams"
/>,
              <button
                onClick={[Function]}
>
                Edit This
</button>,
            ],
          },
          "ref": null,
          "rendered": Array [
            Object {
              "instance": null,
              "key": "item 1",
              "nodeType": "function",
              "props": Object {
                "amount": 200,
                "calories": 205,
                "carbohydrates": 44,
                "createdAt": 0,
                "fat": 0.4,
                "id": "1",
                "name": "Rice (Jasmine)",
                "protein": 4.2,
                "timesUsed": 0,
                "unit": "grams",
              },
              "ref": null,
              "rendered": null,
              "type": [Function],
            },
            Object {
              "instance": null,
              "key": "button 1",
              "nodeType": "host",
              "props": Object {
                "children": "Edit This",
                "onClick": [Function],
              },
              "ref": null,
              "rendered": "Edit This",
              "type": "button",
            },
          ],
          "type": "div",
        },
        Object {
          "instance": null,
          "key": "div 2",
          "nodeType": "host",
          "props": Object {
            "children": Array [
              <FoodListItem
                amount={100}
                calories={165}
                carbohydrates={0}
                createdAt={1000}
                fat={3.6}
                id="2"
                name="Chicken Breast"
                protein={31}
                timesUsed={1}
                unit="grams"
/>,
              <button
                onClick={[Function]}
>
                Edit This
</button>,
            ],
          },
          "ref": null,
          "rendered": Array [
            Object {
              "instance": null,
              "key": "item 2",
              "nodeType": "function",
              "props": Object {
                "amount": 100,
                "calories": 165,
                "carbohydrates": 0,
                "createdAt": 1000,
                "fat": 3.6,
                "id": "2",
                "name": "Chicken Breast",
                "protein": 31,
                "timesUsed": 1,
                "unit": "grams",
              },
              "ref": null,
              "rendered": null,
              "type": [Function],
            },
            Object {
              "instance": null,
              "key": "button 2",
              "nodeType": "host",
              "props": Object {
                "children": "Edit This",
                "onClick": [Function],
              },
              "ref": null,
              "rendered": "Edit This",
              "type": "button",
            },
          ],
          "type": "div",
        },
        Object {
          "instance": null,
          "key": "div 3",
          "nodeType": "host",
          "props": Object {
            "children": Array [
              <FoodListItem
                amount={24}
                calories={163}
                carbohydrates={2.5}
                createdAt={-1000}
                fat={14}
                id="3"
                name="Almonds"
                protein={6}
                timesUsed={2}
                unit="pieces"
/>,
              <button
                onClick={[Function]}
>
                Edit This
</button>,
            ],
          },
          "ref": null,
          "rendered": Array [
            Object {
              "instance": null,
              "key": "item 3",
              "nodeType": "function",
              "props": Object {
                "amount": 24,
                "calories": 163,
                "carbohydrates": 2.5,
                "createdAt": -1000,
                "fat": 14,
                "id": "3",
                "name": "Almonds",
                "protein": 6,
                "timesUsed": 2,
                "unit": "pieces",
              },
              "ref": null,
              "rendered": null,
              "type": [Function],
            },
            Object {
              "instance": null,
              "key": "button 3",
              "nodeType": "host",
              "props": Object {
                "children": "Edit This",
                "onClick": [Function],
              },
              "ref": null,
              "rendered": "Edit This",
              "type": "button",
            },
          ],
          "type": "div",
        },
      ],
      "type": "div",
    },
  ],
  Symbol(enzyme.__options__): Object {
    "adapter": ReactSixteenAdapter {
      "options": Object {
        "enableComponentDidUpdateOnSetState": true,
      },
    },
  },
}
`;

exports[`should render foodList with empty message 1`] = `
ShallowWrapper {
  "length": 1,
  Symbol(enzyme.__root__): [Circular],
  Symbol(enzyme.__unrendered__): <FoodListDisplayFoods
    foods={Array []}
/>,
  Symbol(enzyme.__renderer__): Object {
    "batchedUpdates": [Function],
    "getNode": [Function],
    "render": [Function],
    "simulateEvent": [Function],
    "unmount": [Function],
  },
  Symbol(enzyme.__node__): Object {
    "instance": null,
    "key": undefined,
    "nodeType": "host",
    "props": Object {
      "children": Array [
        <h3>
          Foods in Database
</h3>,
        <p>
          No Foods
</p>,
      ],
    },
    "ref": null,
    "rendered": Array [
      Object {
        "instance": null,
        "key": undefined,
        "nodeType": "host",
        "props": Object {
          "children": "Foods in Database",
        },
        "ref": null,
        "rendered": "Foods in Database",
        "type": "h3",
      },
      Object {
        "instance": null,
        "key": undefined,
        "nodeType": "host",
        "props": Object {
          "children": "No Foods",
        },
        "ref": null,
        "rendered": "No Foods",
        "type": "p",
      },
    ],
    "type": "div",
  },
  Symbol(enzyme.__nodes__): Array [
    Object {
      "instance": null,
      "key": undefined,
      "nodeType": "host",
      "props": Object {
        "children": Array [
          <h3>
            Foods in Database
</h3>,
          <p>
            No Foods
</p>,
        ],
      },
      "ref": null,
      "rendered": Array [
        Object {
          "instance": null,
          "key": undefined,
          "nodeType": "host",
          "props": Object {
            "children": "Foods in Database",
          },
          "ref": null,
          "rendered": "Foods in Database",
          "type": "h3",
        },
        Object {
          "instance": null,
          "key": undefined,
          "nodeType": "host",
          "props": Object {
            "children": "No Foods",
          },
          "ref": null,
          "rendered": "No Foods",
          "type": "p",
        },
      ],
      "type": "div",
    },
  ],
  Symbol(enzyme.__options__): Object {
    "adapter": ReactSixteenAdapter {
      "options": Object {
        "enableComponentDidUpdateOnSetState": true,
      },
    },
  },
}
`;
