// Jest Snapshot v1, https://goo.gl/fbAQLP

exports[`should render Header correctly 1`] = `
ShallowWrapper {
  "length": 1,
  Symbol(enzyme.__root__): [Circular],
  Symbol(enzyme.__unrendered__): <Header
    startLogout={[Function]}
/>,
  Symbol(enzyme.__renderer__): Object {
    "batchedUpdates": [Function],
    "getNode": [Function],
    "render": [Function],
    "simulateEvent": [Function],
    "unmount": [Function],
  },
  Symbol(enzyme.__node__): Object {
    "instance": null,
    "key": undefined,
    "nodeType": "host",
    "props": Object {
      "children": <header
        className="header"
>
        <h1
                className="heading-primary header__title"
        >
                Calorie-Track
        </h1>
        <NavLink
                activeClassName="active"
                ariaCurrent="true"
                className="btn"
                to="/FoodDashboard"
        >
                Food dashboard
        </NavLink>
        <NavLink
                activeClassName="active"
                ariaCurrent="true"
                className="btn"
                to="/LogDashboard"
        >
                Log dashboard
        </NavLink>
        <button
                className="btn"
                onClick={[Function]}
        >
                Today's Food Log
        </button>
        <button
                className="btn flex-right-end"
                onClick={[Function]}
        >
                Logout
        </button>
</header>,
      "className": "row",
    },
    "ref": null,
    "rendered": Object {
      "instance": null,
      "key": undefined,
      "nodeType": "host",
      "props": Object {
        "children": Array [
          <h1
            className="heading-primary header__title"
>
            Calorie-Track
</h1>,
          <NavLink
            activeClassName="active"
            ariaCurrent="true"
            className="btn"
            to="/FoodDashboard"
>
            Food dashboard
</NavLink>,
          <NavLink
            activeClassName="active"
            ariaCurrent="true"
            className="btn"
            to="/LogDashboard"
>
            Log dashboard
</NavLink>,
          <button
            className="btn"
            onClick={[Function]}
>
            Today's Food Log
</button>,
          <button
            className="btn flex-right-end"
            onClick={[Function]}
>
            Logout
</button>,
        ],
        "className": "header",
      },
      "ref": null,
      "rendered": Array [
        Object {
          "instance": null,
          "key": undefined,
          "nodeType": "host",
          "props": Object {
            "children": "Calorie-Track",
            "className": "heading-primary header__title",
          },
          "ref": null,
          "rendered": "Calorie-Track",
          "type": "h1",
        },
        Object {
          "instance": null,
          "key": undefined,
          "nodeType": "function",
          "props": Object {
            "activeClassName": "active",
            "ariaCurrent": "true",
            "children": "Food dashboard",
            "className": "btn",
            "to": "/FoodDashboard",
          },
          "ref": null,
          "rendered": "Food dashboard",
          "type": [Function],
        },
        Object {
          "instance": null,
          "key": undefined,
          "nodeType": "function",
          "props": Object {
            "activeClassName": "active",
            "ariaCurrent": "true",
            "children": "Log dashboard",
            "className": "btn",
            "to": "/LogDashboard",
          },
          "ref": null,
          "rendered": "Log dashboard",
          "type": [Function],
        },
        Object {
          "instance": null,
          "key": undefined,
          "nodeType": "host",
          "props": Object {
            "children": "Today's Food Log",
            "className": "btn",
            "onClick": [Function],
          },
          "ref": null,
          "rendered": "Today's Food Log",
          "type": "button",
        },
        Object {
          "instance": null,
          "key": undefined,
          "nodeType": "host",
          "props": Object {
            "children": "Logout",
            "className": "btn flex-right-end",
            "onClick": [Function],
          },
          "ref": null,
          "rendered": "Logout",
          "type": "button",
        },
      ],
      "type": "header",
    },
    "type": "div",
  },
  Symbol(enzyme.__nodes__): Array [
    Object {
      "instance": null,
      "key": undefined,
      "nodeType": "host",
      "props": Object {
        "children": <header
          className="header"
>
          <h1
                    className="heading-primary header__title"
          >
                    Calorie-Track
          </h1>
          <NavLink
                    activeClassName="active"
                    ariaCurrent="true"
                    className="btn"
                    to="/FoodDashboard"
          >
                    Food dashboard
          </NavLink>
          <NavLink
                    activeClassName="active"
                    ariaCurrent="true"
                    className="btn"
                    to="/LogDashboard"
          >
                    Log dashboard
          </NavLink>
          <button
                    className="btn"
                    onClick={[Function]}
          >
                    Today's Food Log
          </button>
          <button
                    className="btn flex-right-end"
                    onClick={[Function]}
          >
                    Logout
          </button>
</header>,
        "className": "row",
      },
      "ref": null,
      "rendered": Object {
        "instance": null,
        "key": undefined,
        "nodeType": "host",
        "props": Object {
          "children": Array [
            <h1
              className="heading-primary header__title"
>
              Calorie-Track
</h1>,
            <NavLink
              activeClassName="active"
              ariaCurrent="true"
              className="btn"
              to="/FoodDashboard"
>
              Food dashboard
</NavLink>,
            <NavLink
              activeClassName="active"
              ariaCurrent="true"
              className="btn"
              to="/LogDashboard"
>
              Log dashboard
</NavLink>,
            <button
              className="btn"
              onClick={[Function]}
>
              Today's Food Log
</button>,
            <button
              className="btn flex-right-end"
              onClick={[Function]}
>
              Logout
</button>,
          ],
          "className": "header",
        },
        "ref": null,
        "rendered": Array [
          Object {
            "instance": null,
            "key": undefined,
            "nodeType": "host",
            "props": Object {
              "children": "Calorie-Track",
              "className": "heading-primary header__title",
            },
            "ref": null,
            "rendered": "Calorie-Track",
            "type": "h1",
          },
          Object {
            "instance": null,
            "key": undefined,
            "nodeType": "function",
            "props": Object {
              "activeClassName": "active",
              "ariaCurrent": "true",
              "children": "Food dashboard",
              "className": "btn",
              "to": "/FoodDashboard",
            },
            "ref": null,
            "rendered": "Food dashboard",
            "type": [Function],
          },
          Object {
            "instance": null,
            "key": undefined,
            "nodeType": "function",
            "props": Object {
              "activeClassName": "active",
              "ariaCurrent": "true",
              "children": "Log dashboard",
              "className": "btn",
              "to": "/LogDashboard",
            },
            "ref": null,
            "rendered": "Log dashboard",
            "type": [Function],
          },
          Object {
            "instance": null,
            "key": undefined,
            "nodeType": "host",
            "props": Object {
              "children": "Today's Food Log",
              "className": "btn",
              "onClick": [Function],
            },
            "ref": null,
            "rendered": "Today's Food Log",
            "type": "button",
          },
          Object {
            "instance": null,
            "key": undefined,
            "nodeType": "host",
            "props": Object {
              "children": "Logout",
              "className": "btn flex-right-end",
              "onClick": [Function],
            },
            "ref": null,
            "rendered": "Logout",
            "type": "button",
          },
        ],
        "type": "header",
      },
      "type": "div",
    },
  ],
  Symbol(enzyme.__options__): Object {
    "adapter": ReactSixteenAdapter {
      "options": Object {
        "enableComponentDidUpdateOnSetState": true,
      },
    },
  },
}
`;
